<!DOCTYPE html>
<html lang="en">
<head>
  <meta charset="utf-8">
  <title>custom page</title>
</head>
<body>
  <h2>this is global</h2>
  <div class="content">
    <ul>
        <li>
          <a href="index.html">main</a>
        </li>
        <li>
          <a href="inner.html">inner</a>
        </li>
    </ul>
    <p>main demo text</p>
    <p>custom page</p>
    <p>this is global</p>
  </div>
</body>
</html>
